******************************************************************************
                  TI ARM Linker PC v20.2.5                     
******************************************************************************
>> Linked Mon Nov  1 18:52:05 2021

OUTPUT FILE NAME:   <SABLONLCD.out>
ENTRY POINT SYMBOL: "_c_int00_noargs"  address: 000016d9


MEMORY CONFIGURATION

         name            origin    length      used     unused   attr    fill
----------------------  --------  ---------  --------  --------  ----  --------
  FLASH                 00000000   00040000  00001a3d  0003e5c3  R  X
  SRAM                  20000000   00008000  0000046c  00007b94  RW X


SEGMENT ALLOCATION MAP

run origin  load origin   length   init length attrs members
----------  ----------- ---------- ----------- ----- -------
00000000    00000000    00001a44   00001a44    r-x
  00000000    00000000    0000026c   0000026c    r-- .intvecs
  0000026c    0000026c    0000153c   0000153c    r-x .text
  000017a8    000017a8    00000281   00000281    r-- .const
  00001a30    00001a30    00000014   00000014    r-- .cinit
20000000    20000000    00000470   00000000    rw-
  20000000    20000000    0000026c   00000000    rw- .vtable
  20000270    20000270    00000200   00000000    rw- .stack


SECTION ALLOCATION MAP

 output                                  attributes/
section   page    origin      length       input sections
--------  ----  ----------  ----------   ----------------
.intvecs   0    00000000    0000026c     
                  00000000    0000026c     tm4c123gh6pm_startup_ccs.obj (.intvecs)

.text      0    0000026c    0000153c     
                  0000026c    00000fe8     main.obj (.text)
                  00001254    000001d0     lcd.obj (.text)
                  00001424    0000016c     driverlib.lib : gpio.obj (.text:GPIOPadConfigSet)
                  00001590    00000068                   : interrupt.obj (.text:IntDisable)
                  000015f8    00000068                   : interrupt.obj (.text:IntEnable)
                  00001660    00000044     rtsv7M4_T_le_v4SPD16_eabi.lib : autoinit.c.obj (.text:__TI_auto_init_nobinit_nopinit:__TI_auto_init_nobinit_nopinit)
                  000016a4    00000034     driverlib.lib : interrupt.obj (.text:IntRegister)
                  000016d8    00000034     rtsv7M4_T_le_v4SPD16_eabi.lib : boot_cortex_m.c.obj (.text:_c_int00_noargs:_c_int00_noargs)
                  0000170c    0000002c     driverlib.lib : gpio.obj (.text:GPIODirModeSet)
                  00001738    0000001c     rtsv7M4_T_le_v4SPD16_eabi.lib : copy_zero_init.c.obj (.text:decompress:ZI:__TI_zero_init_nomemset:__TI_zero_init_nomemset)
                  00001754    0000001a     driverlib.lib : gpio.obj (.text:GPIOPinTypeGPIOOutput)
                  0000176e    00000002                   : interrupt.obj (.text:_IntDefaultHandler)
                  00001770    00000014                   : interrupt.obj (.text:IntUnregister)
                  00001784    0000000c     tm4c123gh6pm_startup_ccs.obj (.text)
                  00001790    00000006     driverlib.lib : gpio.obj (.text:GPIOPinWrite)
                  00001796    00000006     main.obj (.text:SysCtlDelay)
                  0000179c    00000004     driverlib.lib : cpu.obj (.text:CPUwfi)
                  000017a0    00000004     rtsv7M4_T_le_v4SPD16_eabi.lib : pre_init.c.obj (.text:_system_pre_init)
                  000017a4    00000004                                   : exit.c.obj (.text:abort:abort)

.const     0    000017a8    00000281     
                  000017a8    000001b0     main.obj (.const:g_pppui32XTALtoVCO)
                  00001958    0000006c     main.obj (.const:g_pui32Xtals)
                  000019c4    00000030     main.obj (.const:g_sXTALtoMEMTIM)
                  000019f4    00000014     driverlib.lib : interrupt.obj (.const:g_pui32Dii16Regs)
                  00001a08    00000014                   : interrupt.obj (.const:g_pui32EnRegs)
                  00001a1c    00000008     main.obj (.const:g_pui32VCOFrequencies)
                  00001a24    00000005     main.obj (.const:.string:$P$T0$1)

.cinit     0    00001a30    00000014     
                  00001a30    00000008     (.cinit..vtable.load) [load image, compression = zero_init]
                  00001a38    00000004     (__TI_handler_table)
                  00001a3c    00000008     (__TI_cinit_table)

.init_array 
*          0    00000000    00000000     UNINITIALIZED

.vtable    0    20000000    0000026c     UNINITIALIZED
                  20000000    0000026c     driverlib.lib : interrupt.obj (.vtable)

.stack     0    20000270    00000200     UNINITIALIZED
                  20000270    00000004     rtsv7M4_T_le_v4SPD16_eabi.lib : boot_cortex_m.c.obj (.stack)
                  20000274    000001fc     --HOLE--

__llvm_prf_cnts 
*          0    20000000    00000000     UNINITIALIZED

MODULE SUMMARY

       Module                         code   ro data   rw data
       ------                         ----   -------   -------
    .\
       main.obj                       4078   601       0      
       tm4c123gh6pm_startup_ccs.obj   12     620       0      
       lcd.obj                        464    0         0      
    +--+------------------------------+------+---------+---------+
       Total:                         4554   1221      0      
                                                              
    D:/ti_TivaWare_C_Series-2.2.0.295/driverlib/ccs/Debug/driverlib.lib
       interrupt.obj                  282    40        620    
       gpio.obj                       440    0         0      
       cpu.obj                        4      0         0      
    +--+------------------------------+------+---------+---------+
       Total:                         726    40        620    
                                                              
    D:\CCS10\ccs\tools\compiler\ti-cgt-arm_20.2.5.LTS\lib\rtsv7M4_T_le_v4SPD16_eabi.lib
       autoinit.c.obj                 68     0         0      
       boot_cortex_m.c.obj            52     0         0      
       copy_zero_init.c.obj           28     0         0      
       exit.c.obj                     4      0         0      
       pre_init.c.obj                 4      0         0      
    +--+------------------------------+------+---------+---------+
       Total:                         156    0         0      
                                                              
       Stack:                         0      0         512    
       Linker Generated:              0      20        0      
    +--+------------------------------+------+---------+---------+
       Grand Total:                   5436   1281      1132   


LINKER GENERATED COPY TABLES

__TI_cinit_table @ 00001a3c records: 1, size/record: 8, table size: 8
	.vtable: load addr=00001a30, load size=00000008 bytes, run addr=20000000, run size=0000026c bytes, compression=zero_init


LINKER GENERATED HANDLER TABLE

__TI_handler_table @ 00001a38 records: 1, size/record: 4, table size: 4
	index: 0, handler: __TI_zero_init


GLOBAL SYMBOLS: SORTED ALPHABETICALLY BY Name 

address   name                            
-------   ----                            
000017a5  C$$EXIT                         
0000179d  CPUwfi                          
0000170d  GPIODirModeSet                  
00001425  GPIOPadConfigSet                
00001755  GPIOPinTypeGPIOOutput           
00001791  GPIOPinWrite                    
00001591  IntDisable                      
000015f9  IntEnable                       
000016a5  IntRegister                     
00001771  IntUnregister                   
000013e7  Lcd_Cok_Karakter_Yaz            
000012fb  Lcd_Komut_Gonder                
00001393  Lcd_Satir_Sutuna_Git            
00001343  Lcd_Tek_Karakter_Yaz            
000013d7  Lcd_Temizle                     
000012b5  Lcd_ilk_ayarlar                 
00001785  ResetISR                        
000011a9  SysCtlAltClkConfig              
000008d1  SysCtlClockFreqSet              
00000d99  SysCtlClockGet                  
0000118d  SysCtlClockOutConfig            
00000bc9  SysCtlClockSet                  
000007d5  SysCtlDeepSleep                 
00000f5d  SysCtlDeepSleepClockConfigSet   
00000f3f  SysCtlDeepSleepClockSet         
000007b5  SysCtlDeepSleepPowerSet         
00001797  SysCtlDelay                     
00000363  SysCtlFlashSectorSizeGet        
00000337  SysCtlFlashSizeGet              
00001033  SysCtlGPIOAHBDisable            
00001017  SysCtlGPIOAHBEnable             
00000749  SysCtlIntClear                  
00000731  SysCtlIntDisable                
0000071d  SysCtlIntEnable                 
000006f5  SysCtlIntRegister               
00000759  SysCtlIntStatus                 
0000070d  SysCtlIntUnregister             
0000079b  SysCtlLDODeepSleepGet           
0000078b  SysCtlLDODeepSleepSet           
00000785  SysCtlLDOSleepGet               
00000775  SysCtlLDOSleepSet               
0000080b  SysCtlMOSCConfigSet             
00001171  SysCtlNMIClear                  
0000115d  SysCtlNMIStatus                 
00000821  SysCtlPIOSCCalibrate            
00001001  SysCtlPWMClockGet               
00000fe7  SysCtlPWMClockSet               
000006a1  SysCtlPeripheralClockGating     
00000659  SysCtlPeripheralDeepSleepDisable
00000609  SysCtlPeripheralDeepSleepEnable 
00000545  SysCtlPeripheralDisable         
00000509  SysCtlPeripheralEnable          
00000445  SysCtlPeripheralPowerOff        
00000409  SysCtlPeripheralPowerOn         
00000389  SysCtlPeripheralPresent         
000003c9  SysCtlPeripheralReady           
00000481  SysCtlPeripheralReset           
000005cd  SysCtlPeripheralSleepDisable    
00000589  SysCtlPeripheralSleepEnable     
000007c5  SysCtlReset                     
00000881  SysCtlResetBehaviorGet          
00000871  SysCtlResetBehaviorSet          
000007f7  SysCtlResetCauseClear           
000007f1  SysCtlResetCauseGet             
0000032d  SysCtlSRAMSizeGet               
000007cd  SysCtlSleep                     
000007a1  SysCtlSleepPowerSet             
0000105b  SysCtlUSBPLLDisable             
0000104f  SysCtlUSBPLLEnable              
000010a1  SysCtlVCOGet                    
00001089  SysCtlVoltageEventClear         
0000106d  SysCtlVoltageEventConfig        
0000107d  SysCtlVoltageEventStatus        
20000470  __STACK_END                     
00000200  __STACK_SIZE                    
20000470  __STACK_TOP                     
00001a3c  __TI_CINIT_Base                 
00001a44  __TI_CINIT_Limit                
00001a38  __TI_Handler_Table_Base         
00001a3c  __TI_Handler_Table_Limit        
00001661  __TI_auto_init_nobinit_nopinit  
ffffffff  __TI_pprof_out_hndl             
ffffffff  __TI_prof_data_size             
ffffffff  __TI_prof_data_start            
00000000  __TI_static_base__              
00001739  __TI_zero_init_nomemset         
ffffffff  __binit__                       
ffffffff  __c_args__                      
UNDEFED   __mpu_init                      
20000270  __stack                         
20000000  __start___llvm_prf_cnts         
20000000  __stop___llvm_prf_cnts          
000016d9  _c_int00_noargs                 
UNDEFED   _system_post_cinit              
000017a1  _system_pre_init                
000017a5  abort                           
ffffffff  binit                           
0000128f  enableAckapa                    
20000000  g_pfnRAMVectors                 
00000000  g_pfnVectors                    
000011b9  main                            
00001255  otuzHexgonder                   


GLOBAL SYMBOLS: SORTED BY Symbol Address 

address   name                            
-------   ----                            
00000000  __TI_static_base__              
00000000  g_pfnVectors                    
00000200  __STACK_SIZE                    
0000032d  SysCtlSRAMSizeGet               
00000337  SysCtlFlashSizeGet              
00000363  SysCtlFlashSectorSizeGet        
00000389  SysCtlPeripheralPresent         
000003c9  SysCtlPeripheralReady           
00000409  SysCtlPeripheralPowerOn         
00000445  SysCtlPeripheralPowerOff        
00000481  SysCtlPeripheralReset           
00000509  SysCtlPeripheralEnable          
00000545  SysCtlPeripheralDisable         
00000589  SysCtlPeripheralSleepEnable     
000005cd  SysCtlPeripheralSleepDisable    
00000609  SysCtlPeripheralDeepSleepEnable 
00000659  SysCtlPeripheralDeepSleepDisable
000006a1  SysCtlPeripheralClockGating     
000006f5  SysCtlIntRegister               
0000070d  SysCtlIntUnregister             
0000071d  SysCtlIntEnable                 
00000731  SysCtlIntDisable                
00000749  SysCtlIntClear                  
00000759  SysCtlIntStatus                 
00000775  SysCtlLDOSleepSet               
00000785  SysCtlLDOSleepGet               
0000078b  SysCtlLDODeepSleepSet           
0000079b  SysCtlLDODeepSleepGet           
000007a1  SysCtlSleepPowerSet             
000007b5  SysCtlDeepSleepPowerSet         
000007c5  SysCtlReset                     
000007cd  SysCtlSleep                     
000007d5  SysCtlDeepSleep                 
000007f1  SysCtlResetCauseGet             
000007f7  SysCtlResetCauseClear           
0000080b  SysCtlMOSCConfigSet             
00000821  SysCtlPIOSCCalibrate            
00000871  SysCtlResetBehaviorSet          
00000881  SysCtlResetBehaviorGet          
000008d1  SysCtlClockFreqSet              
00000bc9  SysCtlClockSet                  
00000d99  SysCtlClockGet                  
00000f3f  SysCtlDeepSleepClockSet         
00000f5d  SysCtlDeepSleepClockConfigSet   
00000fe7  SysCtlPWMClockSet               
00001001  SysCtlPWMClockGet               
00001017  SysCtlGPIOAHBEnable             
00001033  SysCtlGPIOAHBDisable            
0000104f  SysCtlUSBPLLEnable              
0000105b  SysCtlUSBPLLDisable             
0000106d  SysCtlVoltageEventConfig        
0000107d  SysCtlVoltageEventStatus        
00001089  SysCtlVoltageEventClear         
000010a1  SysCtlVCOGet                    
0000115d  SysCtlNMIStatus                 
00001171  SysCtlNMIClear                  
0000118d  SysCtlClockOutConfig            
000011a9  SysCtlAltClkConfig              
000011b9  main                            
00001255  otuzHexgonder                   
0000128f  enableAckapa                    
000012b5  Lcd_ilk_ayarlar                 
000012fb  Lcd_Komut_Gonder                
00001343  Lcd_Tek_Karakter_Yaz            
00001393  Lcd_Satir_Sutuna_Git            
000013d7  Lcd_Temizle                     
000013e7  Lcd_Cok_Karakter_Yaz            
00001425  GPIOPadConfigSet                
00001591  IntDisable                      
000015f9  IntEnable                       
00001661  __TI_auto_init_nobinit_nopinit  
000016a5  IntRegister                     
000016d9  _c_int00_noargs                 
0000170d  GPIODirModeSet                  
00001739  __TI_zero_init_nomemset         
00001755  GPIOPinTypeGPIOOutput           
00001771  IntUnregister                   
00001785  ResetISR                        
00001791  GPIOPinWrite                    
00001797  SysCtlDelay                     
0000179d  CPUwfi                          
000017a1  _system_pre_init                
000017a5  C$$EXIT                         
000017a5  abort                           
00001a38  __TI_Handler_Table_Base         
00001a3c  __TI_CINIT_Base                 
00001a3c  __TI_Handler_Table_Limit        
00001a44  __TI_CINIT_Limit                
20000000  __start___llvm_prf_cnts         
20000000  __stop___llvm_prf_cnts          
20000000  g_pfnRAMVectors                 
20000270  __stack                         
20000470  __STACK_END                     
20000470  __STACK_TOP                     
ffffffff  __TI_pprof_out_hndl             
ffffffff  __TI_prof_data_size             
ffffffff  __TI_prof_data_start            
ffffffff  __binit__                       
ffffffff  __c_args__                      
ffffffff  binit                           
UNDEFED   __mpu_init                      
UNDEFED   _system_post_cinit              

[102 symbols]
